

================================================================
== Synthesis Summary Report of 'linear_i8'
================================================================
+ General Information: 
    * Date:           Thu Apr 30 15:49:30 2026
    * Version:        2025.1 (Build 6135595 on May 21 2025)
    * Project:        proj
    * Solution:       solution1 (Vivado IP Flow Target)
    * Product family: artix7
    * Target device:  xc7a100t-csg324-1
    

+ Performance & Resource Estimates: 
    
    PS: '+' for module; 'o' for loop; '*' for dataflow
    +-------------------------------------------+------+------+---------+-----------+----------+---------+------+----------+------+---------+-----------+-----------+-----+
    |                  Modules                  | Issue|      |       Latency       | Iteration|         | Trip |          |      |         |           |           |     |
    |                  & Loops                  | Type | Slack| (cycles)|    (ns)   |  Latency | Interval| Count| Pipelined| BRAM |   DSP   |     FF    |    LUT    | URAM|
    +-------------------------------------------+------+------+---------+-----------+----------+---------+------+----------+------+---------+-----------+-----------+-----+
    |+ linear_i8                                |     -|  0.50|      148|  1.480e+03|         -|      149|     -|        no|     -|  1 (~0%)|  267 (~0%)|  424 (~0%)|    -|
    | + linear_i8_Pipeline_VITIS_LOOP_23_1      |     -|  1.76|       10|    100.000|         -|        9|     -|    rewind|     -|        -|    6 (~0%)|   53 (~0%)|    -|
    |  o VITIS_LOOP_23_1                        |     -|  7.30|        8|     80.000|         1|        1|     8|       yes|     -|        -|          -|          -|    -|
    | + linear_i8_Pipeline_l_S_i_0_i_l_S_k_0_k  |     -|  0.50|      135|  1.350e+03|         -|      129|     -|    rewind|     -|  1 (~0%)|  255 (~0%)|  298 (~0%)|    -|
    |  o l_S_i_0_i_l_S_k_0_k                    |     -|  7.30|      133|  1.330e+03|         7|        1|   128|       yes|     -|        -|          -|          -|    -|
    +-------------------------------------------+------+------+---------+-----------+----------+---------+------+----------+------+---------+-----------+-----------+-----+


================================================================
== HW Interfaces
================================================================
* AP_MEMORY
+-------------+-----------+----------+
| Port        | Direction | Bitwidth |
+-------------+-----------+----------+
| v0_address0 | out       | 7        |
| v0_q0       | in        | 8        |
| v1_address0 | out       | 4        |
| v1_q0       | in        | 8        |
| v2_address0 | out       | 3        |
| v2_d0       | out       | 32       |
+-------------+-----------+----------+

* TOP LEVEL CONTROL
+-----------+------------+-----------------------------------+
| Interface | Type       | Ports                             |
+-----------+------------+-----------------------------------+
| ap_clk    | clock      | ap_clk                            |
| ap_rst    | reset      | ap_rst                            |
| ap_ctrl   | ap_ctrl_hs | ap_done ap_idle ap_ready ap_start |
+-----------+------------+-----------------------------------+


================================================================
== SW I/O Information
================================================================
* Top Function Arguments
+----------+-----------+--------------+
| Argument | Direction | Datatype     |
+----------+-----------+--------------+
| v0       | in        | signed char* |
| v1       | in        | signed char* |
| v2       | out       | int*         |
+----------+-----------+--------------+

* SW-to-HW Mapping
+----------+--------------+---------+----------+
| Argument | HW Interface | HW Type | HW Usage |
+----------+--------------+---------+----------+
| v0       | v0_address0  | port    | offset   |
| v0       | v0_ce0       | port    |          |
| v0       | v0_q0        | port    |          |
| v1       | v1_address0  | port    | offset   |
| v1       | v1_ce0       | port    |          |
| v1       | v1_q0        | port    |          |
| v2       | v2_address0  | port    | offset   |
| v2       | v2_ce0       | port    |          |
| v2       | v2_we0       | port    |          |
| v2       | v2_d0        | port    |          |
+----------+--------------+---------+----------+


================================================================
== Bind Op Report
================================================================
+-------------------------------------------+-----+--------+---------------+--------+-----------+---------+
| Name                                      | DSP | Pragma | Variable      | Op     | Impl      | Latency |
+-------------------------------------------+-----+--------+---------------+--------+-----------+---------+
| + linear_i8                               | 1   |        |               |        |           |         |
|  + linear_i8_Pipeline_VITIS_LOOP_23_1     | 0   |        |               |        |           |         |
|    icmp_ln23_fu_58_p2                     |     |        | icmp_ln23     | seteq  | auto      | 0       |
|    add_ln23_fu_64_p2                      |     |        | add_ln23      | add    | fabric    | 0       |
|  + linear_i8_Pipeline_l_S_i_0_i_l_S_k_0_k | 1   |        |               |        |           |         |
|    icmp_ln26_fu_127_p2                    |     |        | icmp_ln26     | seteq  | auto      | 0       |
|    add_ln26_1_fu_133_p2                   |     |        | add_ln26_1    | add    | fabric    | 0       |
|    add_ln26_fu_150_p2                     |     |        | add_ln26      | add    | fabric    | 0       |
|    icmp_ln29_fu_156_p2                    |     |        | icmp_ln29     | seteq  | auto      | 0       |
|    select_ln26_fu_162_p3                  |     |        | select_ln26   | select | auto_sel  | 0       |
|    grp_fu_260_p2                          |     |        | select_ln26_1 | select | auto_sel  | 0       |
|    select_ln26_2_fu_170_p3                |     |        | select_ln26_2 | select | auto_sel  | 0       |
|    add_ln31_fu_223_p2                     |     |        | add_ln31      | add    | fabric    | 0       |
|    mac_muladd_8s_8s_20s_20_4_1_U2         | 1   |        | mul_ln43      | mul    | dsp_slice | 3       |
|    mac_muladd_8s_8s_20s_20_4_1_U2         | 1   |        | sext_ln44     | sext   | dsp_slice | 3       |
|    mac_muladd_8s_8s_20s_20_4_1_U2         | 1   |        | v22           | add    | dsp_slice | 3       |
|    add_ln29_fu_187_p2                     |     |        | add_ln29      | add    | fabric    | 0       |
|    icmp_ln29_1_fu_193_p2                  |     |        | icmp_ln29_1   | seteq  | auto      | 0       |
+-------------------------------------------+-----+--------+---------------+--------+-----------+---------+


================================================================
== Storage Report
================================================================
  No bind storage info in design

================================================================
== Pragma Report
================================================================
* Valid Pragma Syntax
+----------+---------+--------------------------------------------------------+
| Type     | Options | Location                                               |
+----------+---------+--------------------------------------------------------+
| PIPELINE | ii=1    | ../../../sim/hls_output/linear_opt.cpp:30 in linear_i8 |
+----------+---------+--------------------------------------------------------+


