

================================================================
== Synthesis Summary Report of 'vmac_i8'
================================================================
+ General Information: 
    * Date:           Thu Apr 30 15:53:15 2026
    * Version:        2025.1 (Build 6135595 on May 21 2025)
    * Project:        proj
    * Solution:       solution1 (Vivado IP Flow Target)
    * Product family: artix7
    * Target device:  xc7a100t-csg324-1
    

+ Performance & Resource Estimates: 
    
    PS: '+' for module; 'o' for loop; '*' for dataflow
    +-------------------------------------+------+------+---------+---------+----------+---------+------+----------+------+---------+----------+-----------+-----+
    |               Modules               | Issue|      |      Latency      | Iteration|         | Trip |          |      |         |          |           |     |
    |               & Loops               | Type | Slack| (cycles)|   (ns)  |  Latency | Interval| Count| Pipelined| BRAM |   DSP   |    FF    |    LUT    | URAM|
    +-------------------------------------+------+------+---------+---------+----------+---------+------+----------+------+---------+----------+-----------+-----+
    |+ vmac_i8                            |     -|  1.68|       42|  420.000|         -|       43|     -|        no|     -|  1 (~0%)|  96 (~0%)|  224 (~0%)|    -|
    | + vmac_i8_Pipeline_VITIS_LOOP_24_1  |     -|  1.68|       18|  180.000|         -|       17|     -|    rewind|     -|        -|   7 (~0%)|   54 (~0%)|    -|
    |  o VITIS_LOOP_24_1                  |     -|  7.30|       16|  160.000|         1|        1|    16|       yes|     -|        -|         -|          -|    -|
    | + vmac_i8_Pipeline_l_S_i_0_i        |     -|  2.22|       21|  210.000|         -|       17|     -|    rewind|     -|  1 (~0%)|  83 (~0%)|   97 (~0%)|    -|
    |  o l_S_i_0_i                        |     -|  7.30|       19|  190.000|         5|        1|    16|       yes|     -|        -|         -|          -|    -|
    +-------------------------------------+------+------+---------+---------+----------+---------+------+----------+------+---------+----------+-----------+-----+


================================================================
== HW Interfaces
================================================================
* AP_MEMORY
+-------------+-----------+----------+
| Port        | Direction | Bitwidth |
+-------------+-----------+----------+
| v0_address0 | out       | 4        |
| v0_q0       | in        | 8        |
| v1_address0 | out       | 4        |
| v1_q0       | in        | 8        |
| v2_address0 | out       | 4        |
| v2_q0       | in        | 32       |
| v3_address0 | out       | 4        |
| v3_d0       | out       | 32       |
+-------------+-----------+----------+

* TOP LEVEL CONTROL
+-----------+------------+-----------------------------------+
| Interface | Type       | Ports                             |
+-----------+------------+-----------------------------------+
| ap_clk    | clock      | ap_clk                            |
| ap_rst    | reset      | ap_rst                            |
| ap_ctrl   | ap_ctrl_hs | ap_done ap_idle ap_ready ap_start |
+-----------+------------+-----------------------------------+


================================================================
== SW I/O Information
================================================================
* Top Function Arguments
+----------+-----------+--------------+
| Argument | Direction | Datatype     |
+----------+-----------+--------------+
| v0       | in        | signed char* |
| v1       | in        | signed char* |
| v2       | in        | int*         |
| v3       | out       | int*         |
+----------+-----------+--------------+

* SW-to-HW Mapping
+----------+--------------+---------+----------+
| Argument | HW Interface | HW Type | HW Usage |
+----------+--------------+---------+----------+
| v0       | v0_address0  | port    | offset   |
| v0       | v0_ce0       | port    |          |
| v0       | v0_q0        | port    |          |
| v1       | v1_address0  | port    | offset   |
| v1       | v1_ce0       | port    |          |
| v1       | v1_q0        | port    |          |
| v2       | v2_address0  | port    | offset   |
| v2       | v2_ce0       | port    |          |
| v2       | v2_q0        | port    |          |
| v3       | v3_address0  | port    | offset   |
| v3       | v3_ce0       | port    |          |
| v3       | v3_we0       | port    |          |
| v3       | v3_d0        | port    |          |
+----------+--------------+---------+----------+


================================================================
== Bind Op Report
================================================================
+-------------------------------------+-----+--------+-----------+-------+-----------+---------+
| Name                                | DSP | Pragma | Variable  | Op    | Impl      | Latency |
+-------------------------------------+-----+--------+-----------+-------+-----------+---------+
| + vmac_i8                           | 1   |        |           |       |           |         |
|  + vmac_i8_Pipeline_VITIS_LOOP_24_1 | 0   |        |           |       |           |         |
|    icmp_ln24_fu_58_p2               |     |        | icmp_ln24 | seteq | auto      | 0       |
|    add_ln24_fu_64_p2                |     |        | add_ln24  | add   | fabric    | 0       |
|  + vmac_i8_Pipeline_l_S_i_0_i       | 1   |        |           |       |           |         |
|    icmp_ln27_fu_102_p2              |     |        | icmp_ln27 | seteq | auto      | 0       |
|    add_ln27_fu_108_p2               |     |        | add_ln27  | add   | fabric    | 0       |
|    mac_muladd_8s_8s_32s_32_4_1_U2   | 1   |        | mul_ln41  | mul   | dsp_slice | 3       |
|    mac_muladd_8s_8s_32s_32_4_1_U2   | 1   |        | sext_ln45 | sext  | dsp_slice | 3       |
|    mac_muladd_8s_8s_32s_32_4_1_U2   | 1   |        | v21       | add   | dsp_slice | 3       |
+-------------------------------------+-----+--------+-----------+-------+-----------+---------+


================================================================
== Storage Report
================================================================
  No bind storage info in design

================================================================
== Pragma Report
================================================================
  No pragmas found

